[+] Containers:
 |- [+] Container: /Game/Katana_Animations/Demo/Level_Demo
 |   |- [+] ActorDescs:
 |   |   |- Guid:05B2BB3E4E313D3687FD3B8D3CE9B052 BaseClass: NativeClass:/Script/Landscape.LandscapeStreamingProxy Name:LandscapeStreamingProxy_67C1C59D6CL4Z5HWRR3V7FYT5_126_0_0_0 Label:LandscapeStreamingProxy_0_0_0 SpatiallyLoaded:1 Bounds:IsValid=true, Min=(X=-18900.000 Y=-18900.000 Z=100.000), Max=(X=-6300.000 Y=-6300.000 Z=6530.469) RuntimeGrid:None EditorOnly:0 RuntimeOnly:0 HLODRelevant:1 ListedInSceneOutliner:1 IsMainWorldOnly:0
 |   |   |- Guid:2112EF7E4AF3C277D60C3A84333FFE23 BaseClass: NativeClass:/Script/Landscape.LandscapeStreamingProxy Name:LandscapeStreamingProxy_67C1C59D6CL4Z5HWRR3V7FYT5_126_2_2_0 Label:LandscapeStreamingProxy_2_2_0 SpatiallyLoaded:1 Bounds:IsValid=true, Min=(X=6300.000 Y=6300.000 Z=100.000), Max=(X=18900.000 Y=18900.000 Z=7644.531) RuntimeGrid:None EditorOnly:0 RuntimeOnly:0 HLODRelevant:1 ListedInSceneOutliner:1 IsMainWorldOnly:0
 |   |   |- Guid:2FB58999456391D349DC0F86DAC136ED BaseClass: NativeClass:/Script/Engine.SkyLight Name:SkyLight_1 Label:SkyLight SpatiallyLoaded:0 Bounds:IsValid=true, Min=(X=0.000 Y=0.000 Z=690.000), Max=(X=0.000 Y=0.000 Z=690.000) RuntimeGrid:None EditorOnly:0 RuntimeOnly:0 HLODRelevant:0 ListedInSceneOutliner:1 IsMainWorldOnly:0 FolderPath:Lighting FolderGuid:963EC3EB4002CCE9759E2EBA541A873A
 |   |   |- Guid:316CF2A6494ACA4C0E4180A87D36AB8F BaseClass: NativeClass:/Script/Engine.ExponentialHeightFog Name:ExponentialHeightFog_0 Label:ExponentialHeightFog SpatiallyLoaded:0 Bounds:IsValid=true, Min=(X=-5600.000 Y=-50.000 Z=-6850.000), Max=(X=-5600.000 Y=-50.000 Z=-6850.000) RuntimeGrid:None EditorOnly:0 RuntimeOnly:0 HLODRelevant:0 ListedInSceneOutliner:1 IsMainWorldOnly:0 FolderPath:Lighting FolderGuid:963EC3EB4002CCE9759E2EBA541A873A
 |   |   |- Guid:32DA2F124D4C3B88F0DE57BA0C83ECE1 BaseClass: NativeClass:/Script/Landscape.Landscape Name:Landscape_UAID_047BCB460D95CE5F02_1958831074 Label:Landscape SpatiallyLoaded:0 Bounds:IsValid=true, Min=(X=-18900.000 Y=-18900.000 Z=100.000), Max=(X=-18900.000 Y=-18900.000 Z=100.000) RuntimeGrid:None EditorOnly:0 RuntimeOnly:0 HLODRelevant:0 ListedInSceneOutliner:1 IsMainWorldOnly:0
 |   |   |- Guid:388B43AA4C0563001E35F3AFD49600A3 BaseClass: NativeClass:/Script/Landscape.LandscapeStreamingProxy Name:LandscapeStreamingProxy_67C1C59D6CL4Z5HWRR3V7FYT5_126_1_1_0 Label:LandscapeStreamingProxy_1_1_0 SpatiallyLoaded:1 Bounds:IsValid=true, Min=(X=-6300.000 Y=-6300.000 Z=0.000), Max=(X=6300.000 Y=6300.000 Z=6981.250) RuntimeGrid:None EditorOnly:0 RuntimeOnly:0 HLODRelevant:1 ListedInSceneOutliner:1 IsMainWorldOnly:0
 |   |   |- Guid:45E03B064C941B863B1FC48F2A563D4B BaseClass: NativeClass:/Script/Landscape.LandscapeStreamingProxy Name:LandscapeStreamingProxy_67C1C59D6CL4Z5HWRR3V7FYT5_126_2_0_0 Label:LandscapeStreamingProxy_2_0_0 SpatiallyLoaded:1 Bounds:IsValid=true, Min=(X=6300.000 Y=-18900.000 Z=100.000), Max=(X=18900.000 Y=-6300.000 Z=8201.562) RuntimeGrid:None EditorOnly:0 RuntimeOnly:0 HLODRelevant:1 ListedInSceneOutliner:1 IsMainWorldOnly:0
 |   |   |- Guid:4D3BE93F4146AAAC8BBE79999D96D57F BaseClass: NativeClass:/Script/Engine.VolumetricCloud Name:VolumetricCloud_0 Label:VolumetricCloud SpatiallyLoaded:0 Bounds:IsValid=true, Min=(X=0.000 Y=0.000 Z=820.000), Max=(X=0.000 Y=0.000 Z=820.000) RuntimeGrid:None EditorOnly:0 RuntimeOnly:0 HLODRelevant:0 ListedInSceneOutliner:1 IsMainWorldOnly:0 FolderPath:Lighting FolderGuid:963EC3EB4002CCE9759E2EBA541A873A
 |   |   |- Guid:6BAF4DDD444C60371492D3919DB42C97 BaseClass: NativeClass:/Script/Engine.WorldDataLayers Name:WorldDataLayers Label:WorldDataLayers SpatiallyLoaded:0 Bounds:Invalid RuntimeGrid:None EditorOnly:0 RuntimeOnly:0 HLODRelevant:0 ListedInSceneOutliner:1 IsMainWorldOnly:1
 |   |   |- Guid:79D5DA08486E29550CEDA78459A9C186 BaseClass: NativeClass:/Script/Landscape.LandscapeStreamingProxy Name:LandscapeStreamingProxy_67C1C59D6CL4Z5HWRR3V7FYT5_126_0_2_0 Label:LandscapeStreamingProxy_0_2_0 SpatiallyLoaded:1 Bounds:IsValid=true, Min=(X=-18900.000 Y=6300.000 Z=100.000), Max=(X=-6300.000 Y=18900.000 Z=8628.906) RuntimeGrid:None EditorOnly:0 RuntimeOnly:0 HLODRelevant:1 ListedInSceneOutliner:1 IsMainWorldOnly:0
 |   |   |- Guid:87B7A8DC429B41F345307CB35E4F7F90 BaseClass: NativeClass:/Script/Landscape.LandscapeStreamingProxy Name:LandscapeStreamingProxy_67C1C59D6CL4Z5HWRR3V7FYT5_126_1_2_0 Label:LandscapeStreamingProxy_1_2_0 SpatiallyLoaded:1 Bounds:IsValid=true, Min=(X=-6300.000 Y=6300.000 Z=0.000), Max=(X=6300.000 Y=18900.000 Z=7228.906) RuntimeGrid:None EditorOnly:0 RuntimeOnly:0 HLODRelevant:1 ListedInSceneOutliner:1 IsMainWorldOnly:0
 |   |   |- Guid:A31BB4EE484A45933AC5BEB564ED006E BaseClass: NativeClass:/Script/Landscape.LandscapeStreamingProxy Name:LandscapeStreamingProxy_67C1C59D6CL4Z5HWRR3V7FYT5_126_0_1_0 Label:LandscapeStreamingProxy_0_1_0 SpatiallyLoaded:1 Bounds:IsValid=true, Min=(X=-18900.000 Y=-6300.000 Z=0.000), Max=(X=-6300.000 Y=6300.000 Z=7675.000) RuntimeGrid:None EditorOnly:0 RuntimeOnly:0 HLODRelevant:1 ListedInSceneOutliner:1 IsMainWorldOnly:0
 |   |   |- Guid:B785ED2844B84CFB91E7F39FE661CD99 BaseClass: NativeClass:/Script/Engine.DirectionalLight Name:DirectionalLight_0 Label:DirectionalLight SpatiallyLoaded:0 Bounds:Invalid RuntimeGrid:None EditorOnly:0 RuntimeOnly:0 HLODRelevant:0 ListedInSceneOutliner:1 IsMainWorldOnly:0 FolderPath:Lighting FolderGuid:963EC3EB4002CCE9759E2EBA541A873A
 |   |   |- Guid:C422CA3441B77371DA70919438895896 BaseClass: NativeClass:/Script/Landscape.LandscapeStreamingProxy Name:LandscapeStreamingProxy_67C1C59D6CL4Z5HWRR3V7FYT5_126_2_1_0 Label:LandscapeStreamingProxy_2_1_0 SpatiallyLoaded:1 Bounds:IsValid=true, Min=(X=6300.000 Y=-6300.000 Z=0.000), Max=(X=18900.000 Y=6300.000 Z=7559.375) RuntimeGrid:None EditorOnly:0 RuntimeOnly:0 HLODRelevant:1 ListedInSceneOutliner:1 IsMainWorldOnly:0
 |   |   |- Guid:CCFF262C46EEFFDF319E7F9539CE697E BaseClass: NativeClass:/Script/Engine.SkyAtmosphere Name:SkyAtmosphere_0 Label:SkyAtmosphere SpatiallyLoaded:0 Bounds:IsValid=true, Min=(X=0.000 Y=0.000 Z=1020.000), Max=(X=0.000 Y=0.000 Z=1020.000) RuntimeGrid:None EditorOnly:0 RuntimeOnly:0 HLODRelevant:0 ListedInSceneOutliner:1 IsMainWorldOnly:0 FolderPath:Lighting FolderGuid:963EC3EB4002CCE9759E2EBA541A873A
 |   |   |- Guid:DF328CD34380D84B57B48CAE004CC1CD BaseClass: NativeClass:/Script/Landscape.LandscapeStreamingProxy Name:LandscapeStreamingProxy_67C1C59D6CL4Z5HWRR3V7FYT5_126_1_0_0 Label:LandscapeStreamingProxy_1_0_0 SpatiallyLoaded:1 Bounds:IsValid=true, Min=(X=-6300.000 Y=-18900.000 Z=0.000), Max=(X=6300.000 Y=-6300.000 Z=6962.500) RuntimeGrid:None EditorOnly:0 RuntimeOnly:0 HLODRelevant:1 ListedInSceneOutliner:1 IsMainWorldOnly:0
 |   |   |- Guid:EC4E0C944CE6AC6E784BC6BB2916EA13 BaseClass: NativeClass:/Script/Engine.StaticMeshActor Name:StaticMeshActor_UAID_A4AE111137DC5EFB00_1110535423 Label:SM_SkySphere SpatiallyLoaded:0 Bounds:IsValid=true, Min=(X=-1638400.000 Y=-1638400.000 Z=-1638400.000), Max=(X=1638400.000 Y=1638400.000 Z=1638400.000) RuntimeGrid:None EditorOnly:0 RuntimeOnly:0 HLODRelevant:0 ListedInSceneOutliner:1 IsMainWorldOnly:0 FolderPath:Lighting FolderGuid:963EC3EB4002CCE9759E2EBA541A873A
 |   |   |- Guid:F5E3FEB3450C49844FD93DA8E083C8AD BaseClass: NativeClass:/Script/Engine.PostProcessVolume Name:PostProcessVolume_0 Label:PostProcessVolume SpatiallyLoaded:0 Bounds:IsValid=true, Min=(X=0.000 Y=0.000 Z=400.000), Max=(X=200.000 Y=200.000 Z=600.000) RuntimeGrid:None EditorOnly:0 RuntimeOnly:0 HLODRelevant:0 ListedInSceneOutliner:1 IsMainWorldOnly:0 FolderPath:Lighting FolderGuid:963EC3EB4002CCE9759E2EBA541A873A
 |   |- [+] Clusters:
 |   |   |- [+] [  0]
 |   |   |   |- Guid:05B2BB3E4E313D3687FD3B8D3CE9B052 BaseClass: NativeClass:/Script/Landscape.LandscapeStreamingProxy Name:LandscapeStreamingProxy_67C1C59D6CL4Z5HWRR3V7FYT5_126_0_0_0 Label:LandscapeStreamingProxy_0_0_0 SpatiallyLoaded:1 Bounds:IsValid=true, Min=(X=-18900.000 Y=-18900.000 Z=100.000), Max=(X=-6300.000 Y=-6300.000 Z=6530.469) RuntimeGrid:None EditorOnly:0 RuntimeOnly:0 HLODRelevant:1 ListedInSceneOutliner:1 IsMainWorldOnly:0
 |   |   |- [+] [  1]
 |   |   |   |- Guid:2112EF7E4AF3C277D60C3A84333FFE23 BaseClass: NativeClass:/Script/Landscape.LandscapeStreamingProxy Name:LandscapeStreamingProxy_67C1C59D6CL4Z5HWRR3V7FYT5_126_2_2_0 Label:LandscapeStreamingProxy_2_2_0 SpatiallyLoaded:1 Bounds:IsValid=true, Min=(X=6300.000 Y=6300.000 Z=100.000), Max=(X=18900.000 Y=18900.000 Z=7644.531) RuntimeGrid:None EditorOnly:0 RuntimeOnly:0 HLODRelevant:1 ListedInSceneOutliner:1 IsMainWorldOnly:0
 |   |   |- [+] [  2]
 |   |   |   |- Guid:2FB58999456391D349DC0F86DAC136ED BaseClass: NativeClass:/Script/Engine.SkyLight Name:SkyLight_1 Label:SkyLight SpatiallyLoaded:0 Bounds:IsValid=true, Min=(X=0.000 Y=0.000 Z=690.000), Max=(X=0.000 Y=0.000 Z=690.000) RuntimeGrid:None EditorOnly:0 RuntimeOnly:0 HLODRelevant:0 ListedInSceneOutliner:1 IsMainWorldOnly:0 FolderPath:Lighting FolderGuid:963EC3EB4002CCE9759E2EBA541A873A
 |   |   |- [+] [  3]
 |   |   |   |- Guid:316CF2A6494ACA4C0E4180A87D36AB8F BaseClass: NativeClass:/Script/Engine.ExponentialHeightFog Name:ExponentialHeightFog_0 Label:ExponentialHeightFog SpatiallyLoaded:0 Bounds:IsValid=true, Min=(X=-5600.000 Y=-50.000 Z=-6850.000), Max=(X=-5600.000 Y=-50.000 Z=-6850.000) RuntimeGrid:None EditorOnly:0 RuntimeOnly:0 HLODRelevant:0 ListedInSceneOutliner:1 IsMainWorldOnly:0 FolderPath:Lighting FolderGuid:963EC3EB4002CCE9759E2EBA541A873A
 |   |   |- [+] [  4]
 |   |   |   |- Guid:32DA2F124D4C3B88F0DE57BA0C83ECE1 BaseClass: NativeClass:/Script/Landscape.Landscape Name:Landscape_UAID_047BCB460D95CE5F02_1958831074 Label:Landscape SpatiallyLoaded:0 Bounds:IsValid=true, Min=(X=-18900.000 Y=-18900.000 Z=100.000), Max=(X=-18900.000 Y=-18900.000 Z=100.000) RuntimeGrid:None EditorOnly:0 RuntimeOnly:0 HLODRelevant:0 ListedInSceneOutliner:1 IsMainWorldOnly:0
 |   |   |- [+] [  5]
 |   |   |   |- Guid:388B43AA4C0563001E35F3AFD49600A3 BaseClass: NativeClass:/Script/Landscape.LandscapeStreamingProxy Name:LandscapeStreamingProxy_67C1C59D6CL4Z5HWRR3V7FYT5_126_1_1_0 Label:LandscapeStreamingProxy_1_1_0 SpatiallyLoaded:1 Bounds:IsValid=true, Min=(X=-6300.000 Y=-6300.000 Z=0.000), Max=(X=6300.000 Y=6300.000 Z=6981.250) RuntimeGrid:None EditorOnly:0 RuntimeOnly:0 HLODRelevant:1 ListedInSceneOutliner:1 IsMainWorldOnly:0
 |   |   |- [+] [  6]
 |   |   |   |- Guid:45E03B064C941B863B1FC48F2A563D4B BaseClass: NativeClass:/Script/Landscape.LandscapeStreamingProxy Name:LandscapeStreamingProxy_67C1C59D6CL4Z5HWRR3V7FYT5_126_2_0_0 Label:LandscapeStreamingProxy_2_0_0 SpatiallyLoaded:1 Bounds:IsValid=true, Min=(X=6300.000 Y=-18900.000 Z=100.000), Max=(X=18900.000 Y=-6300.000 Z=8201.562) RuntimeGrid:None EditorOnly:0 RuntimeOnly:0 HLODRelevant:1 ListedInSceneOutliner:1 IsMainWorldOnly:0
 |   |   |- [+] [  7]
 |   |   |   |- Guid:4D3BE93F4146AAAC8BBE79999D96D57F BaseClass: NativeClass:/Script/Engine.VolumetricCloud Name:VolumetricCloud_0 Label:VolumetricCloud SpatiallyLoaded:0 Bounds:IsValid=true, Min=(X=0.000 Y=0.000 Z=820.000), Max=(X=0.000 Y=0.000 Z=820.000) RuntimeGrid:None EditorOnly:0 RuntimeOnly:0 HLODRelevant:0 ListedInSceneOutliner:1 IsMainWorldOnly:0 FolderPath:Lighting FolderGuid:963EC3EB4002CCE9759E2EBA541A873A
 |   |   |- [+] [  8]
 |   |   |   |- Guid:6BAF4DDD444C60371492D3919DB42C97 BaseClass: NativeClass:/Script/Engine.WorldDataLayers Name:WorldDataLayers Label:WorldDataLayers SpatiallyLoaded:0 Bounds:Invalid RuntimeGrid:None EditorOnly:0 RuntimeOnly:0 HLODRelevant:0 ListedInSceneOutliner:1 IsMainWorldOnly:1
 |   |   |- [+] [  9]
 |   |   |   |- Guid:79D5DA08486E29550CEDA78459A9C186 BaseClass: NativeClass:/Script/Landscape.LandscapeStreamingProxy Name:LandscapeStreamingProxy_67C1C59D6CL4Z5HWRR3V7FYT5_126_0_2_0 Label:LandscapeStreamingProxy_0_2_0 SpatiallyLoaded:1 Bounds:IsValid=true, Min=(X=-18900.000 Y=6300.000 Z=100.000), Max=(X=-6300.000 Y=18900.000 Z=8628.906) RuntimeGrid:None EditorOnly:0 RuntimeOnly:0 HLODRelevant:1 ListedInSceneOutliner:1 IsMainWorldOnly:0
 |   |   |- [+] [ 10]
 |   |   |   |- Guid:87B7A8DC429B41F345307CB35E4F7F90 BaseClass: NativeClass:/Script/Landscape.LandscapeStreamingProxy Name:LandscapeStreamingProxy_67C1C59D6CL4Z5HWRR3V7FYT5_126_1_2_0 Label:LandscapeStreamingProxy_1_2_0 SpatiallyLoaded:1 Bounds:IsValid=true, Min=(X=-6300.000 Y=6300.000 Z=0.000), Max=(X=6300.000 Y=18900.000 Z=7228.906) RuntimeGrid:None EditorOnly:0 RuntimeOnly:0 HLODRelevant:1 ListedInSceneOutliner:1 IsMainWorldOnly:0
 |   |   |- [+] [ 11]
 |   |   |   |- Guid:A31BB4EE484A45933AC5BEB564ED006E BaseClass: NativeClass:/Script/Landscape.LandscapeStreamingProxy Name:LandscapeStreamingProxy_67C1C59D6CL4Z5HWRR3V7FYT5_126_0_1_0 Label:LandscapeStreamingProxy_0_1_0 SpatiallyLoaded:1 Bounds:IsValid=true, Min=(X=-18900.000 Y=-6300.000 Z=0.000), Max=(X=-6300.000 Y=6300.000 Z=7675.000) RuntimeGrid:None EditorOnly:0 RuntimeOnly:0 HLODRelevant:1 ListedInSceneOutliner:1 IsMainWorldOnly:0
 |   |   |- [+] [ 12]
 |   |   |   |- Guid:B785ED2844B84CFB91E7F39FE661CD99 BaseClass: NativeClass:/Script/Engine.DirectionalLight Name:DirectionalLight_0 Label:DirectionalLight SpatiallyLoaded:0 Bounds:Invalid RuntimeGrid:None EditorOnly:0 RuntimeOnly:0 HLODRelevant:0 ListedInSceneOutliner:1 IsMainWorldOnly:0 FolderPath:Lighting FolderGuid:963EC3EB4002CCE9759E2EBA541A873A
 |   |   |- [+] [ 13]
 |   |   |   |- Guid:C422CA3441B77371DA70919438895896 BaseClass: NativeClass:/Script/Landscape.LandscapeStreamingProxy Name:LandscapeStreamingProxy_67C1C59D6CL4Z5HWRR3V7FYT5_126_2_1_0 Label:LandscapeStreamingProxy_2_1_0 SpatiallyLoaded:1 Bounds:IsValid=true, Min=(X=6300.000 Y=-6300.000 Z=0.000), Max=(X=18900.000 Y=6300.000 Z=7559.375) RuntimeGrid:None EditorOnly:0 RuntimeOnly:0 HLODRelevant:1 ListedInSceneOutliner:1 IsMainWorldOnly:0
 |   |   |- [+] [ 14]
 |   |   |   |- Guid:CCFF262C46EEFFDF319E7F9539CE697E BaseClass: NativeClass:/Script/Engine.SkyAtmosphere Name:SkyAtmosphere_0 Label:SkyAtmosphere SpatiallyLoaded:0 Bounds:IsValid=true, Min=(X=0.000 Y=0.000 Z=1020.000), Max=(X=0.000 Y=0.000 Z=1020.000) RuntimeGrid:None EditorOnly:0 RuntimeOnly:0 HLODRelevant:0 ListedInSceneOutliner:1 IsMainWorldOnly:0 FolderPath:Lighting FolderGuid:963EC3EB4002CCE9759E2EBA541A873A
 |   |   |- [+] [ 15]
 |   |   |   |- Guid:DF328CD34380D84B57B48CAE004CC1CD BaseClass: NativeClass:/Script/Landscape.LandscapeStreamingProxy Name:LandscapeStreamingProxy_67C1C59D6CL4Z5HWRR3V7FYT5_126_1_0_0 Label:LandscapeStreamingProxy_1_0_0 SpatiallyLoaded:1 Bounds:IsValid=true, Min=(X=-6300.000 Y=-18900.000 Z=0.000), Max=(X=6300.000 Y=-6300.000 Z=6962.500) RuntimeGrid:None EditorOnly:0 RuntimeOnly:0 HLODRelevant:1 ListedInSceneOutliner:1 IsMainWorldOnly:0
 |   |   |- [+] [ 16]
 |   |   |   |- Guid:EC4E0C944CE6AC6E784BC6BB2916EA13 BaseClass: NativeClass:/Script/Engine.StaticMeshActor Name:StaticMeshActor_UAID_A4AE111137DC5EFB00_1110535423 Label:SM_SkySphere SpatiallyLoaded:0 Bounds:IsValid=true, Min=(X=-1638400.000 Y=-1638400.000 Z=-1638400.000), Max=(X=1638400.000 Y=1638400.000 Z=1638400.000) RuntimeGrid:None EditorOnly:0 RuntimeOnly:0 HLODRelevant:0 ListedInSceneOutliner:1 IsMainWorldOnly:0 FolderPath:Lighting FolderGuid:963EC3EB4002CCE9759E2EBA541A873A
 |   |   |- [+] [ 17]
 |   |   |   |- Guid:F5E3FEB3450C49844FD93DA8E083C8AD BaseClass: NativeClass:/Script/Engine.PostProcessVolume Name:PostProcessVolume_0 Label:PostProcessVolume SpatiallyLoaded:0 Bounds:IsValid=true, Min=(X=0.000 Y=0.000 Z=400.000), Max=(X=200.000 Y=200.000 Z=600.000) RuntimeGrid:None EditorOnly:0 RuntimeOnly:0 HLODRelevant:0 ListedInSceneOutliner:1 IsMainWorldOnly:0 FolderPath:Lighting FolderGuid:963EC3EB4002CCE9759E2EBA541A873A
 |- ContainerInstances:
 |- [+] MainContainer:
 |   |-        ID: 00000000000000000000000000000000
 |   |-  ParentID: 00000000000000000000000000000000
 |   |-    Bounds: IsValid=false, Min=(X=0.000 Y=0.000 Z=0.000), Max=(X=0.000 Y=0.000 Z=0.000)
 |   |- Transform: 0.000000,0.000000,0.000000|0.000000,0.000000,-0.000000|1.000000,1.000000,1.000000
 |   |- Container: /Game/Katana_Animations/Demo/Level_Demo
----------------------------------------------------------------------------------------------------------------
Level_Demo - Persistent Level
----------------------------------------------------------------------------------------------------------------
[+] Content of Level_Demo Persistent Level
 |- Always loaded Actor Count: 18 
 |- Actor Path: /Game/Katana_Animations/Demo/Level_Demo.Level_Demo:PersistentLevel.DirectionalLight_0
 |- Actor Package: /Game/__ExternalActors__/Katana_Animations/Demo/Level_Demo/B/0G/SZIQZDKRSN72QW59MJJ17O
 |- Actor Path: /Game/Katana_Animations/Demo/Level_Demo.Level_Demo:PersistentLevel.ExponentialHeightFog_0
 |- Actor Package: /Game/__ExternalActors__/Katana_Animations/Demo/Level_Demo/D/X5/XGIF0EJ46026AAZR6GXIFD
 |- Actor Path: /Game/Katana_Animations/Demo/Level_Demo.Level_Demo:PersistentLevel.Landscape_UAID_047BCB460D95CE5F02_1958831074
 |- Actor Package: /Game/__ExternalActors__/Katana_Animations/Demo/Level_Demo/0/5U/H0LGCBGM15JOC803WIQPMC
 |- Actor Path: /Game/Katana_Animations/Demo/Level_Demo.Level_Demo:PersistentLevel.LandscapeStreamingProxy_67C1C59D6CL4Z5HWRR3V7FYT5_126_0_0_0
 |- Actor Package: /Game/__ExternalActors__/Katana_Animations/Demo/Level_Demo/1/ZF/9SMAKYO6VXL624M6VOUVLE
 |- Actor Path: /Game/Katana_Animations/Demo/Level_Demo.Level_Demo:PersistentLevel.LandscapeStreamingProxy_67C1C59D6CL4Z5HWRR3V7FYT5_126_0_1_0
 |- Actor Package: /Game/__ExternalActors__/Katana_Animations/Demo/Level_Demo/A/Y3/T3VDIKLTYEE8W26HC7RJUN
 |- Actor Path: /Game/Katana_Animations/Demo/Level_Demo.Level_Demo:PersistentLevel.LandscapeStreamingProxy_67C1C59D6CL4Z5HWRR3V7FYT5_126_0_2_0
 |- Actor Package: /Game/__ExternalActors__/Katana_Animations/Demo/Level_Demo/8/VH/00PJV52N19Y0L5QOXQSOCS
 |- Actor Path: /Game/Katana_Animations/Demo/Level_Demo.Level_Demo:PersistentLevel.LandscapeStreamingProxy_67C1C59D6CL4Z5HWRR3V7FYT5_126_1_0_0
 |- Actor Package: /Game/__ExternalActors__/Katana_Animations/Demo/Level_Demo/E/D5/HE369FSBWI5Z34CV06P0I8
 |- Actor Path: /Game/Katana_Animations/Demo/Level_Demo.Level_Demo:PersistentLevel.LandscapeStreamingProxy_67C1C59D6CL4Z5HWRR3V7FYT5_126_1_1_0
 |- Actor Package: /Game/__ExternalActors__/Katana_Animations/Demo/Level_Demo/0/OZ/PC12B8RIL02OIHUGFCJTMG
 |- Actor Path: /Game/Katana_Animations/Demo/Level_Demo.Level_Demo:PersistentLevel.LandscapeStreamingProxy_67C1C59D6CL4Z5HWRR3V7FYT5_126_1_2_0
 |- Actor Package: /Game/__ExternalActors__/Katana_Animations/Demo/Level_Demo/A/6T/NPLNMCQBZ18VY9EGM98G2P
 |- Actor Path: /Game/Katana_Animations/Demo/Level_Demo.Level_Demo:PersistentLevel.LandscapeStreamingProxy_67C1C59D6CL4Z5HWRR3V7FYT5_126_2_0_0
 |- Actor Package: /Game/__ExternalActors__/Katana_Animations/Demo/Level_Demo/A/NX/P4Z3XXYP7BB5P4DHW9WXLT
 |- Actor Path: /Game/Katana_Animations/Demo/Level_Demo.Level_Demo:PersistentLevel.LandscapeStreamingProxy_67C1C59D6CL4Z5HWRR3V7FYT5_126_2_1_0
 |- Actor Package: /Game/__ExternalActors__/Katana_Animations/Demo/Level_Demo/8/KB/9EUYKII79YH2GIH7VE420E
 |- Actor Path: /Game/Katana_Animations/Demo/Level_Demo.Level_Demo:PersistentLevel.LandscapeStreamingProxy_67C1C59D6CL4Z5HWRR3V7FYT5_126_2_2_0
 |- Actor Package: /Game/__ExternalActors__/Katana_Animations/Demo/Level_Demo/9/Y9/3RLSMCCGZMG5E56ZWGMF5D
 |- Actor Path: /Game/Katana_Animations/Demo/Level_Demo.Level_Demo:PersistentLevel.PostProcessVolume_0
 |- Actor Package: /Game/__ExternalActors__/Katana_Animations/Demo/Level_Demo/4/HI/SRZSVCV2XRFFK0Y7R8NEU4
 |- Actor Path: /Game/Katana_Animations/Demo/Level_Demo.Level_Demo:PersistentLevel.SkyAtmosphere_0
 |- Actor Package: /Game/__ExternalActors__/Katana_Animations/Demo/Level_Demo/B/UZ/QBLFWSS7Y8X5EV98EERTW7
 |- Actor Path: /Game/Katana_Animations/Demo/Level_Demo.Level_Demo:PersistentLevel.SkyLight_1
 |- Actor Package: /Game/__ExternalActors__/Katana_Animations/Demo/Level_Demo/8/0T/JO5UHQIA0KW8LASTC6MHY5
 |- Actor Path: /Game/Katana_Animations/Demo/Level_Demo.Level_Demo:PersistentLevel.StaticMeshActor_UAID_A4AE111137DC5EFB00_1110535423
 |- Actor Package: /Game/__ExternalActors__/Katana_Animations/Demo/Level_Demo/5/U2/YZZ8UPJHZPVPQ9UR6V49FD
 |- Actor Path: /Game/Katana_Animations/Demo/Level_Demo.Level_Demo:PersistentLevel.VolumetricCloud_0
 |- Actor Package: /Game/__ExternalActors__/Katana_Animations/Demo/Level_Demo/2/ZQ/PZHJ1L47X2SAPYPXYOZ7DA
 |- Actor Path: /Game/Katana_Animations/Demo/Level_Demo.Level_Demo:PersistentLevel.WorldDataLayers
 |- Actor Package: /Game/__ExternalActors__/Katana_Animations/Demo/Level_Demo/2/ZQ/ONTXL25UHTULE1Y65PQL0Q

----------------------------------------------------------------------------------------------------------------
Level_Demo - Runtime Hash Set
----------------------------------------------------------------------------------------------------------------

